
> office-v2-frontend@2.0.0 build
> tsc && vite build

vite v5.4.21 building for production...
transforming...
✓ 846 modules transformed.
rendering chunks...
computing gzip size...
dist/index.html                          1.22 kB │ gzip:   0.59 kB
dist/assets/OfficeScene-D75KNXTH.css     6.05 kB │ gzip:   2.02 kB
dist/assets/index-B3bfkkVI.css          34.36 kB │ gzip:   6.53 kB
dist/assets/webworkerAll-DbdkKjDP.js     0.12 kB │ gzip:   0.11 kB
dist/assets/browserAll-DvOefc7Q.js       0.21 kB │ gzip:   0.17 kB
dist/assets/OfficeScene-Dhj-uRhe.js     35.29 kB │ gzip:  11.82 kB
dist/assets/howler-Br74NEEg.js          36.85 kB │ gzip:  10.09 kB
dist/assets/WorldApp-Xlo4AEYQ.js        62.67 kB │ gzip:  17.99 kB
dist/assets/vendor-gsap-SFc2wnMY.js     70.44 kB │ gzip:  27.81 kB
dist/assets/index-B4l-Av02.js           74.05 kB │ gzip:  18.67 kB
dist/assets/BubbleManager-DuRduigk.js  135.44 kB │ gzip:  44.37 kB
dist/assets/vendor-react-qvKNXEaU.js   143.99 kB │ gzip:  46.53 kB
dist/assets/vendor-pixi-Qi1s-vvT.js    667.01 kB │ gzip: 190.45 kB
✓ built in 24.20s

(!) Some chunks are larger than 600 kB after minification. Consider:
- Using dynamic import() to code-split the application
- Use build.rollupOptions.output.manualChunks to improve chunking: https://rollupjs.org/configuration-options/#output-manualchunks
- Adjust chunk size limit for this warning via build.chunkSizeWarningLimit.
